>> Got issues: [
Basic.fst(4,13-4,17): (Error 189) Expected expression of type "Prims.int"; got expression "true" of type "Prims.bool"
> While typechecking the top-level declaration `let uu___0`
> While typechecking the top-level declaration `[@@expect_failure] let uu___0`
> While checking module Basic
>>]
>> Got issues: [
Basic.fst(6,38-6,44): (Error 19) assertion failed; The SMT solver could not prove the query, try to spell your proof in more detail or increase fuel/ifuel
> While typechecking the top-level declaration `let uu___1`
> While typechecking the top-level declaration `[@@expect_failure] let uu___1`
> While checking module Basic
  (see also Basic.fst(6,45-6,50))
>>]
>> Got issues: [
Basic.fst(7,38-7,44): (Error 19) assertion failed; The SMT solver could not prove the query, try to spell your proof in more detail or increase fuel/ifuel
> While typechecking the top-level declaration `let uu___2`
> While typechecking the top-level declaration `[@@expect_failure] let uu___2`
> While checking module Basic
  (see also Basic.fst(7,45-7,50))
>>]
>> Got issues: [
Basic.fst(8,38-8,44): (Error 19) assertion failed; The SMT solver could not prove the query, try to spell your proof in more detail or increase fuel/ifuel
> While typechecking the top-level declaration `let uu___4`
> While typechecking the top-level declaration `[@@expect_failure] let uu___4`
> While checking module Basic
  (see also Basic.fst(8,45-8,50))
>>]
>> Got issues: [
Basic.fst(9,38-9,44): (Error 19) assertion failed; The SMT solver could not prove the query, try to spell your proof in more detail or increase fuel/ifuel
> While typechecking the top-level declaration `let uu___6`
> While typechecking the top-level declaration `[@@expect_failure] let uu___6`
> While checking module Basic
  (see also Basic.fst(9,45-9,50))
>>]
>> Got issues: [
Basic.fst(11,38-11,49): (Error 19) assertion failed; The SMT solver could not prove the query, try to spell your proof in more detail or increase fuel/ifuel
> While typechecking the top-level declaration `let uu___9`
> While typechecking the top-level declaration `[@@expect_failure] let uu___9`
> While checking module Basic
  (see also Basic.fst(11,50-11,55))
>>]
>> Got issues: [
Basic.fst(12,38-12,49): (Error 19) assertion failed; The SMT solver could not prove the query, try to spell your proof in more detail or increase fuel/ifuel
> While typechecking the top-level declaration `let uu___10`
> While typechecking the top-level declaration `[@@expect_failure] let uu___10`
> While checking module Basic
  (see also Basic.fst(12,50-12,55))
>>]
>> Got issues: [
Basic.fst(13,38-13,49): (Error 19) assertion failed; The SMT solver could not prove the query, try to spell your proof in more detail or increase fuel/ifuel
> While typechecking the top-level declaration `let uu___12`
> While typechecking the top-level declaration `[@@expect_failure] let uu___12`
> While checking module Basic
  (see also Basic.fst(13,50-13,55))
>>]
>> Got issues: [
Basic.fst(14,38-14,49): (Error 19) assertion failed; The SMT solver could not prove the query, try to spell your proof in more detail or increase fuel/ifuel
> While typechecking the top-level declaration `let uu___14`
> While typechecking the top-level declaration `[@@expect_failure] let uu___14`
> While checking module Basic
  (see also Basic.fst(14,50-14,55))
>>]
>> Got issues: [
Basic.fst(17,29-17,31): (Error 19) assertion failed (Also see: prims.fst(379,31-379,43))(Other related locations: prims.fst(376,70-376,82)); The SMT solver could not prove the query, try to spell your proof in more detail or increase fuel/ifuel
> While typechecking the top-level declaration `let test2`
> While typechecking the top-level declaration `[@@expect_failure] let test2`
> While checking module Basic
>>]
>> Got issues: [
Basic.fst(20,29-20,31): (Error 19) assertion failed (Also see: prims.fst(379,31-379,43))(Other related locations: prims.fst(376,70-376,82)); The SMT solver could not prove the query, try to spell your proof in more detail or increase fuel/ifuel
> While typechecking the top-level declaration `let test3`
> While typechecking the top-level declaration `[@@expect_failure] let test3`
> While checking module Basic
>>]
>> Got issues: [
Basic.fst(23,46-23,48): (Error 19) assertion failed (Also see: prims.fst(379,31-379,43))(Other related locations: prims.fst(376,70-376,82)); The SMT solver could not prove the query, try to spell your proof in more detail or increase fuel/ifuel
> While typechecking the top-level declaration `let test6`
> While typechecking the top-level declaration `[@@expect_failure] let test6`
> While checking module Basic
>>]
Verified module: Basic
All verification conditions discharged successfully
