>> Got issues: [
ExpectFailure.fst(20,12-20,15): (Error 189) Expected expression of type "Prims.int"; got expression "'a'" of type "FStar.Char.char"
> While typechecking the top-level declaration `let uu___0`
> While typechecking the top-level declaration `[@@expect_failure] let uu___0`
> While checking module ExpectFailure
>>]
>> Got issues: [
ExpectFailure.fst(24,12-24,15): (Error 189) Expected expression of type "Prims.int"; got expression "'a'" of type "FStar.Char.char"
> While typechecking the top-level declaration `let uu___1`
> While typechecking the top-level declaration `[@@expect_failure] let uu___1`
> While checking module ExpectFailure
>>]
>> Got issues: [
ExpectFailure.fst(28,8-28,14): (Error 19) assertion failed; The SMT solver could not prove the query, try to spell your proof in more detail or increase fuel/ifuel
> While typechecking the top-level declaration `let uu___2`
> While typechecking the top-level declaration `[@@expect_failure] let uu___2`
> While checking module ExpectFailure
  (see also ExpectFailure.fst(28,15-28,20))
>>]
>> Got issues: [
ExpectFailure.fst(30,8-30,14): (Error 19) assertion failed; The SMT solver could not prove the query, try to spell your proof in more detail or increase fuel/ifuel
> While typechecking the top-level declaration `let uu___3`
> While typechecking the top-level declaration `[@@expect_failure] let uu___3`
> While checking module ExpectFailure
  (see also ExpectFailure.fst(30,15-30,20))
>>]
>> Got issues: [
ExpectFailure.fst(43,12-43,15): (Error 189) Expected expression of type "Prims.int"; got expression "'a'" of type "FStar.Char.char"
> While typechecking the top-level declaration `let uu___6`
> While typechecking the top-level declaration `[@@expect_failure] let uu___6`
> While checking module ExpectFailure
>>]
>> Got issues: [
ExpectFailure.fst(50,12-50,15): (Error 189) Expected expression of type "Prims.int"; got expression "'a'" of type "FStar.Char.char"
> While typechecking the top-level declaration `let uu___7`
> While typechecking the top-level declaration `[@@expect_failure] let uu___7`
> While checking module ExpectFailure
>>]
>> Got issues: [
ExpectFailure.fst(61,12-61,15): (Error 189) Expected expression of type "Prims.int"; got expression "'a'" of type "FStar.Char.char"
> While typechecking the top-level declaration `let uu___8`
> While typechecking the top-level declaration `[@@expect_failure] let uu___8`
> While checking module ExpectFailure
>>]
Verified module: ExpectFailure
All verification conditions discharged successfully
