>> Got issues: [
IfCond.fst(4,17-4,18): (Error 189) Expected expression of type "Prims.bool"; got expression "2" of type "Prims.int"
> While typechecking the top-level declaration `let test`
> While typechecking the top-level declaration `[@@expect_failure] let test`
>>]
Verified module: IfCond
All verification conditions discharged successfully
