>> Got issues: [
OptionStack.fst(19,8-19,14): (Error 19) assertion failed; The SMT solver could not prove the query, try to spell your proof in more detail or increase fuel/ifuel
> While typechecking the top-level declaration `let uu___0`
> While typechecking the top-level declaration `[@@expect_failure] let uu___0`
> While checking module OptionStack
  (see also OptionStack.fst(19,15-19,20))
>>]
>> Got issues: [
OptionStack.fst(28,8-28,14): (Error 19) assertion failed; The SMT solver could not prove the query, try to spell your proof in more detail or increase fuel/ifuel
> While typechecking the top-level declaration `let uu___2`
> While typechecking the top-level declaration `[@@expect_failure] let uu___2`
> While checking module OptionStack
  (see also OptionStack.fst(28,15-28,20))
>>]
Verified module: OptionStack
All verification conditions discharged successfully
