>> Got issues: [
StableErr.fst(26,0-26,20): (Error 298) Q = Prims.l_False
A query could not be solved internally, and --no_smt was given
> While typechecking the top-level declaration `let uu___0`
> While typechecking the top-level declaration `[@@expect_failure] let uu___0`
>>]
Verified module: StableErr
All verification conditions discharged successfully
