>> Got issues: [
TestHasEq.fst(58,10-58,11): (Error 19) Failed to prove that the type 'TestHasEq.t3' supports decidable equality because of this argument; add either the 'noeq' or 'unopteq' qualifier; The SMT solver could not prove the query, try to spell your proof in more detail or increase fuel/ifuel
> While typechecking the top-level declaration `type TestHasEq.t3`
> While typechecking the top-level declaration `[@@expect_failure] type TestHasEq.t3`
  (see also TestHasEq.fst(57,0-58,19))
>>]
>> Got issues: [
TestHasEq.fst(84,10-84,70): (Error 19) Subtyping check failed; expected type Prims.eqtype; got type Type0; The SMT solver could not prove the query, try to spell your proof in more detail or increase fuel/ifuel
> While typechecking the top-level declaration `let test`
> While typechecking the top-level declaration `[@@expect_failure] let test`
  (see also TestHasEq.fst(84,12-84,22))
>>]
>> Got issues: [
TestHasEq.fst(88,8-89,30): (Error 162) Incompatible attributes and qualifiers: erasable types do not support decidable equality and must be marked `noeq`
> While typechecking the top-level declaration `type TestHasEq.erasable_t2`
> While typechecking the top-level declaration `[@@expect_failure] type TestHasEq.erasable_t2`
>>]
Verified module: TestHasEq
All verification conditions discharged successfully
