>> Got issues: [
Unit2.fst(37,21-38,60): (Error 19) assertion failed; The SMT solver could not prove the query, try to spell your proof in more detail or increase fuel/ifuel
> While typechecking the top-level declaration `let test6`
> While typechecking the top-level declaration `[@@expect_failure] let test6`
>>]
Verified module: Unit2
All verification conditions discharged successfully
